// Jest Snapshot v1, https://goo.gl/fbAQLP

exports[`renders correctly 1`] = `
<svg
  className="test-class"
>
  <use
    xlinkHref="assets/icons/amount.svg#icon"
  />
</svg>
`;
