// Jest Snapshot v1, https://goo.gl/fbAQLP

exports[`renders correctly 1`] = `
<div
  className="test-class"
  id="test-id"
  onClick={[Function]}
>
  <svg
    className={undefined}
  >
    <use
      xlinkHref="assets/icons/chevron-left.svg#icon"
    />
  </svg>
</div>
`;
